a = 10 (when b = 5)
a = 25 (when b = 20)
a = c = 100
