the value of a is -52
the  value of a % 3 is -1
the  value of | a % 3 | is 1
the value of | a % 3 | + 2 is 3
the value of - ( | a % 3 | + 2 ) is -3
