previous a = 1
after a = 3
previous a = 1
after a = 5
