myVal is defined on the global context as 42
globalVal is defined on the global context as 32
globalVal is defined on the global context as 32
