-42
-1
-0.0012
0.0012
2699999999.9988
2700000042.3330
-42
43
43
43
41
43
