a=1
a=2
a=d=1
a=d=2
a=d=3
`b` is 6
`b = b + 1` is 7
`b = b + 3 is 10
