99 people live in this in town
The 42.00 acres of crops is just enough
