42
0.00042
0.42
0.42
0.0
42000
-42
-0.00042
-0.42
-0.42
-0.0
-42000
-0.002100
