0.00
7.00
2.00
1.00
42.00
0.00
1.00
4.00
7.00
443.00
