The 42.00 acres of crops is just enough
to support the 99 people living in this in town
