magiceq: 0
magiceq: 1
magiceq: 2
magiceq: 3
magiceq: 4
magiceq: 5
